Enter the array size (>0) and the numbers to fill the array with: === Array before Sorting = 1, 1
=== Array after Sorting = 1, 1
