Enter the array size (>0) and the numbers to fill the array with: === Array before Sorting = 5, 4, 3, 2, 1
=== Array after Sorting = 1, 2, 3, 4, 5
